---
source: src/lexer.rs
expression: tokens
---
[
    TokenWithTrivia {
        leading_trivia: [],
        token: Token {
            kind: LBrace,
            text: "{",
            span: 0..1,
        },
        trailing_trivia: [
            Token {
                kind: Newline,
                text: "\n",
                span: 1..2,
            },
        ],
    },
    TokenWithTrivia {
        leading_trivia: [
            Token {
                kind: Whitespace,
                text: "            ",
                span: 2..14,
            },
        ],
        token: Token {
            kind: Ident,
            text: "h1",
            span: 14..16,
        },
        trailing_trivia: [
            Token {
                kind: Whitespace,
                text: " ",
                span: 16..17,
            },
        ],
    },
    TokenWithTrivia {
        leading_trivia: [],
        token: Token {
            kind: LBrace,
            text: "{",
            span: 17..18,
        },
        trailing_trivia: [
            Token {
                kind: Whitespace,
                text: " ",
                span: 18..19,
            },
        ],
    },
    TokenWithTrivia {
        leading_trivia: [],
        token: Token {
            kind: Str,
            text: "\"Hello world\"",
            span: 19..32,
        },
        trailing_trivia: [
            Token {
                kind: Whitespace,
                text: " ",
                span: 32..33,
            },
        ],
    },
    TokenWithTrivia {
        leading_trivia: [],
        token: Token {
            kind: RBrace,
            text: "}",
            span: 33..34,
        },
        trailing_trivia: [
            Token {
                kind: Newline,
                text: "\n",
                span: 34..35,
            },
        ],
    },
    TokenWithTrivia {
        leading_trivia: [
            Token {
                kind: Whitespace,
                text: "            ",
                span: 35..47,
            },
        ],
        token: Token {
            kind: Ident,
            text: "p",
            span: 47..48,
        },
        trailing_trivia: [
            Token {
                kind: Whitespace,
                text: " ",
                span: 48..49,
            },
        ],
    },
    TokenWithTrivia {
        leading_trivia: [],
        token: Token {
            kind: LBrace,
            text: "{",
            span: 49..50,
        },
        trailing_trivia: [
            Token {
                kind: Whitespace,
                text: " ",
                span: 50..51,
            },
        ],
    },
    TokenWithTrivia {
        leading_trivia: [],
        token: Token {
            kind: Str,
            text: "\"\\\"This string contains escaped quotes \\\"\"",
            span: 51..93,
        },
        trailing_trivia: [
            Token {
                kind: Whitespace,
                text: " ",
                span: 93..94,
            },
        ],
    },
    TokenWithTrivia {
        leading_trivia: [],
        token: Token {
            kind: RBrace,
            text: "}",
            span: 94..95,
        },
        trailing_trivia: [
            Token {
                kind: Newline,
                text: "\n",
                span: 95..96,
            },
        ],
    },
    TokenWithTrivia {
        leading_trivia: [
            Token {
                kind: Whitespace,
                text: "        ",
                span: 96..104,
            },
        ],
        token: Token {
            kind: RBrace,
            text: "}",
            span: 104..105,
        },
        trailing_trivia: [],
    },
]
